2026-06-27 00:31:57,510 | ========================================================================
2026-06-27 00:31:57,511 | WaLM-Net training
2026-06-27 00:31:57,512 | Device: cuda | Params: 14.26M (14.26M trainable)
2026-06-27 00:31:57,513 | Mixer: lite | Patch: (128, 128, 128) | DS: True
2026-06-27 00:31:57,513 | Train cases: 392 | Val cases: 97
2026-06-27 00:31:57,514 | Output: /data/output/walmnet_medium
2026-06-27 00:31:57,515 | ========================================================================
2026-06-27 00:42:03,334 | [E001/120] train_loss=5.6365 lr=4.00e-05 time=10.1min
2026-06-27 00:50:32,817 | [E002/120] train_loss=5.0468 lr=6.00e-05 time=8.5min
2026-06-27 00:58:42,570 | [E003/120] train_loss=4.6335 lr=8.00e-05 time=8.2min
2026-06-27 01:07:19,341 | [E004/120] train_loss=4.2191 lr=1.00e-04 time=8.6min
2026-06-27 01:18:25,245 |   kidney=0.2948 tumor=0.0026 cyst=0.0000 | meanFG=0.0991 rare(T+C)=0.0013
2026-06-27 01:18:25,453 |   rare score=0.0013 *BEST*
2026-06-27 01:18:25,453 | [E005/120] train_loss=3.9120 lr=1.20e-04 time=8.3min
2026-06-27 01:26:24,165 | [E006/120] train_loss=3.8578 lr=1.40e-04 time=8.0min
2026-06-27 01:54:11,325 | ========================================================================
2026-06-27 01:54:11,494 | WaLM-Net training
2026-06-27 01:54:11,495 | Device: cuda | Params: 14.26M (14.26M trainable)
2026-06-27 01:54:11,495 | Mixer: lite | Patch: (128, 128, 128) | DS: True
2026-06-27 01:54:11,496 | Train cases: 392 | Val cases: 97
2026-06-27 01:54:11,496 | Output: /data/output/walmnet_medium
2026-06-27 01:54:11,497 | ========================================================================
2026-06-27 02:05:56,579 | [E001/120] train_loss=5.6364 lr=4.00e-05 time=11.7min
2026-06-27 02:16:32,113 | [E002/120] train_loss=5.0480 lr=6.00e-05 time=10.6min
2026-06-27 02:27:14,348 | [E003/120] train_loss=4.6316 lr=8.00e-05 time=10.7min
2026-06-27 02:38:19,066 | [E004/120] train_loss=4.2149 lr=1.00e-04 time=11.1min
2026-06-27 02:53:06,742 |   kidney=0.2951 tumor=0.0026 cyst=0.0000 | meanFG=0.0992 rare(T+C)=0.0013
2026-06-27 02:53:06,956 |   rare score=0.0013 *BEST*
2026-06-27 02:53:06,957 | [E005/120] train_loss=3.9251 lr=1.20e-04 time=10.8min
2026-06-27 03:03:33,789 | [E006/120] train_loss=3.8529 lr=1.40e-04 time=10.4min
2026-06-27 03:14:33,696 | [E007/120] train_loss=3.8006 lr=1.60e-04 time=11.0min
2026-06-27 03:25:57,758 | [E008/120] train_loss=3.6829 lr=1.80e-04 time=11.4min
2026-06-27 03:36:58,624 | [E009/120] train_loss=3.7023 lr=2.00e-04 time=11.0min
2026-06-27 03:50:28,007 |   kidney=0.4205 tumor=0.0047 cyst=0.0061 | meanFG=0.1437 rare(T+C)=0.0054
2026-06-27 03:50:28,256 |   rare score=0.0054 *BEST*
2026-06-27 03:50:28,257 | [E010/120] train_loss=3.5420 lr=2.00e-04 time=10.5min
2026-06-27 04:01:55,632 | [E011/120] train_loss=3.4707 lr=2.00e-04 time=11.4min
2026-06-27 04:12:40,859 | [E012/120] train_loss=3.3415 lr=2.00e-04 time=10.7min
2026-06-27 04:23:30,292 | [E013/120] train_loss=3.3560 lr=2.00e-04 time=10.8min
2026-06-27 04:33:02,638 | [E014/120] train_loss=3.3349 lr=1.99e-04 time=9.5min
2026-06-27 04:46:00,992 |   kidney=0.6497 tumor=0.0246 cyst=0.1839 | meanFG=0.2860 rare(T+C)=0.1042
2026-06-27 04:46:01,208 |   rare score=0.1042 *BEST*
2026-06-27 04:46:01,209 | [E015/120] train_loss=3.1957 lr=1.99e-04 time=10.7min
2026-06-27 04:56:26,404 | [E016/120] train_loss=3.1001 lr=1.99e-04 time=10.4min
2026-06-27 05:07:20,536 | [E017/120] train_loss=3.0335 lr=1.98e-04 time=10.9min
2026-06-27 05:17:22,229 | [E018/120] train_loss=2.9777 lr=1.97e-04 time=10.0min
2026-06-27 05:27:38,607 | [E019/120] train_loss=2.8649 lr=1.97e-04 time=10.3min
2026-06-27 05:39:54,659 |   kidney=0.7847 tumor=0.0960 cyst=0.3886 | meanFG=0.4231 rare(T+C)=0.2423
2026-06-27 05:39:54,868 |   rare score=0.2423 *BEST*
2026-06-27 05:39:54,868 | [E020/120] train_loss=3.0024 lr=1.96e-04 time=10.5min
2026-06-27 05:50:40,469 | [E021/120] train_loss=2.9905 lr=1.95e-04 time=10.8min
2026-06-27 06:02:10,166 | [E022/120] train_loss=2.7110 lr=1.94e-04 time=11.5min
2026-06-27 06:13:04,419 | [E023/120] train_loss=2.6693 lr=1.93e-04 time=10.9min
2026-06-27 06:23:55,557 | [E024/120] train_loss=2.7648 lr=1.92e-04 time=10.8min
2026-06-27 06:34:46,673 |   kidney=0.8496 tumor=0.2317 cyst=0.6353 | meanFG=0.5722 rare(T+C)=0.4335
2026-06-27 06:34:46,887 |   rare score=0.4335 *BEST*
2026-06-27 06:34:46,888 | [E025/120] train_loss=2.7159 lr=1.91e-04 time=9.5min
2026-06-27 06:44:57,362 | [E026/120] train_loss=2.6308 lr=1.90e-04 time=10.2min
2026-06-27 06:56:20,599 | [E027/120] train_loss=2.6172 lr=1.88e-04 time=11.4min
2026-06-27 07:06:18,762 | [E028/120] train_loss=2.6299 lr=1.87e-04 time=10.0min
2026-06-27 07:16:52,174 | [E029/120] train_loss=2.5202 lr=1.86e-04 time=10.5min
2026-06-27 07:29:13,431 |   kidney=0.8704 tumor=0.3525 cyst=0.6282 | meanFG=0.6170 rare(T+C)=0.4904
2026-06-27 07:29:13,636 |   rare score=0.4904 *BEST*
2026-06-27 07:29:13,637 | [E030/120] train_loss=2.5657 lr=1.84e-04 time=11.1min
2026-06-27 07:39:52,779 | [E031/120] train_loss=2.4686 lr=1.83e-04 time=10.6min
2026-06-27 07:50:56,796 | [E032/120] train_loss=2.3411 lr=1.81e-04 time=11.1min
2026-06-27 08:01:22,224 | [E033/120] train_loss=2.4554 lr=1.79e-04 time=10.4min
2026-06-27 08:12:21,456 | [E034/120] train_loss=2.3215 lr=1.77e-04 time=11.0min
2026-06-27 08:24:41,785 |   kidney=0.8759 tumor=0.4637 cyst=0.6140 | meanFG=0.6512 rare(T+C)=0.5388
2026-06-27 08:24:42,004 |   rare score=0.5388 *BEST*
2026-06-27 08:24:42,005 | [E035/120] train_loss=2.3153 lr=1.76e-04 time=11.0min
2026-06-27 08:36:01,424 | [E036/120] train_loss=2.3947 lr=1.74e-04 time=11.3min
2026-06-27 08:47:12,894 | [E037/120] train_loss=2.3526 lr=1.72e-04 time=11.2min
2026-06-27 08:59:49,512 | [E038/120] train_loss=2.2444 lr=1.70e-04 time=12.6min
2026-06-27 09:10:43,946 | [E039/120] train_loss=2.2003 lr=1.68e-04 time=10.9min
2026-06-27 09:23:24,559 |   kidney=0.8894 tumor=0.5483 cyst=0.6532 | meanFG=0.6970 rare(T+C)=0.6008
2026-06-27 09:23:24,820 |   rare score=0.6008 *BEST*
2026-06-27 09:23:24,821 | [E040/120] train_loss=2.2802 lr=1.65e-04 time=11.2min
2026-06-27 09:34:28,551 | [E041/120] train_loss=2.1965 lr=1.63e-04 time=11.1min
2026-06-27 09:46:50,447 | [E042/120] train_loss=2.2346 lr=1.61e-04 time=12.4min
2026-06-27 09:59:02,956 | [E043/120] train_loss=2.0395 lr=1.59e-04 time=12.2min
2026-06-27 10:09:36,026 | [E044/120] train_loss=2.1283 lr=1.56e-04 time=10.5min
